// Jest Snapshot v1, https://goo.gl/fbAQLP

exports[`Tune Error - Unit Test render Warning! Error while loading tune 1`] = `
<div
  class="sc-kgoBCf fgVeGz"
>
  <svg
    viewBox="0 0 512 512"
    xmlns="http://www.w3.org/2000/svg"
  >
    <path
      d="M32 464h448L256 48 32 464zm248-64h-48v-48h48v48zm0-80h-48v-96h48v96z"
    />
  </svg>
  <span
    class="sc-kGXeez kUdqaH"
  >
    <p>
      Warning! Error while trying to load tune
       
      <strong>
        The lego tune
      </strong>
      .
    </p>
    <p>
      Is the tune source 
      <strong>
        https://react-tunes-player.mfbproject.co.za/assets/audio/the_lego_tune_error.ogg
      </strong>
       correct?
    </p>
  </span>
</div>
`;
